// Jest Snapshot v1, https://goo.gl/fbAQLP

exports[`Movie services Find movie 1`] = `Promise {}`;
